[fog][WARNING] Unrecognized arguments: libvirt_ip_command

PLAY [Подготовить локальный узел k3s] ******************************************

TASK [Gathering Facts] *********************************************************
ok: [vm]

TASK [Установить пакеты для загрузки k3s] **************************************
ok: [vm]

TASK [Создать каталог конфигурации k3s] ****************************************
ok: [vm]

TASK [Отключить штатный Traefik] ***********************************************
ok: [vm]

TASK [Проверить установленную версию k3s] **************************************
ok: [vm]

TASK [Скачать официальный установщик k3s] **************************************
skipping: [vm]

TASK [Установить зафиксированную версию k3s] ***********************************
skipping: [vm]

TASK [Убедиться, что k3s запущен] **********************************************
ok: [vm]

TASK [Дождаться kubeconfig] ****************************************************
ok: [vm]

PLAY RECAP *********************************************************************
vm                         : ok=7    changed=0    unreachable=0    failed=0    skipped=2    rescued=0    ignored=0   

