[fog][WARNING] Unrecognized arguments: libvirt_ip_command
NAME       STATUS   ROLES           AGE   VERSION
do14-k3s   Ready    control-plane   57m   v1.35.8+k3s1
namespace/gitlab-runner unchanged
namespace/do14-helm unchanged
namespace/do14-production unchanged
serviceaccount/do14-ci-job unchanged
role.rbac.authorization.k8s.io/do14-ci-job unchanged
rolebinding.rbac.authorization.k8s.io/do14-ci-job unchanged
role.rbac.authorization.k8s.io/do14-ci-job unchanged
rolebinding.rbac.authorization.k8s.io/do14-ci-job unchanged
RBAC ['create', 'pods/exec', '-n', 'do14-helm'] : yes
RBAC ['get', 'pods/portforward', '-n', 'do14-production'] : yes
RBAC ['get', 'pods/log', '-n', 'do14-helm'] : yes
RBAC ['get', 'secrets', '-n', 'kube-system'] : no
RBAC ['create', 'namespaces'] : no
Release "do14-test-1790774168-2253" does not exist. Installing it now.
NAME: do14-test-1790774168-2253
LAST DEPLOYED: Wed Sep 30 16:16:15 2026
NAMESPACE: do14-helm
STATUS: deployed
REVISION: 1
TEST SUITE: None
{"status":"ok"}{"status":"ok"}TAP version 13
# Subtest: diagnostics returns 0 for HTTP 200 and fails for HTTP 503
ok 1 - diagnostics returns 0 for HTTP 200 and fails for HTTP 503
  ---
  duration_ms: 728.998667
  type: 'test'
  ...
1..1
# tests 1
# suites 0
# pass 1
# fail 0
# cancelled 0
# skipped 0
# todo 0
# duration_ms 914.452719
Acquiring database migration lock...
Importing 1 workflows...
Successfully imported 1 workflow.
Acquiring database migration lock...
Publishing workflow with ID: DO14SmokeWorkflow (current version)
Note: Changes will not take effect if n8n is running.
Please restart n8n for changes to take effect if n8n is currently running.
deployment.apps/do14-test-1790774168-2253-main restarted
deployment.apps/do14-test-1790774168-2253-webhook restarted
deployment.apps/do14-test-1790774168-2253-worker restarted
Waiting for deployment "do14-test-1790774168-2253-main" rollout to finish: 0 out of 1 new replicas have been updated...
Waiting for deployment "do14-test-1790774168-2253-main" rollout to finish: 0 out of 1 new replicas have been updated...
Waiting for deployment "do14-test-1790774168-2253-main" rollout to finish: 0 out of 1 new replicas have been updated...
Waiting for deployment "do14-test-1790774168-2253-main" rollout to finish: 0 of 1 updated replicas are available...
deployment "do14-test-1790774168-2253-main" successfully rolled out
deployment "do14-test-1790774168-2253-webhook" successfully rolled out
deployment "do14-test-1790774168-2253-worker" successfully rolled out
newman

DO14 candidate checks

→ main healthz
  GET http://127.0.0.1:45751/healthz [200 OK, 226B, 68ms]
  ✓  HTTP 200
  ✓  ready

→ main healthz/readiness
  GET http://127.0.0.1:45751/healthz/readiness [200 OK, 226B, 19ms]
  ✓  HTTP 200
  ✓  ready

→ webhook healthz
  GET http://127.0.0.1:45825/healthz [200 OK, 226B, 29ms]
  ✓  HTTP 200
  ✓  ready

→ webhook healthz/readiness
  GET http://127.0.0.1:45825/healthz/readiness [200 OK, 226B, 21ms]
  ✓  HTTP 200
  ✓  ready

→ webhook executes Code node through queue
  POST http://127.0.0.1:45825/webhook/do14-smoke [200 OK, 1.01kB, 18.9s]
  ✓  HTTP 200
  ✓  Code node echoes this request

┌─────────────────────────┬───────────────────┬───────────────────┐
│                         │          executed │            failed │
├─────────────────────────┼───────────────────┼───────────────────┤
│              iterations │                 1 │                 0 │
├─────────────────────────┼───────────────────┼───────────────────┤
│                requests │                 5 │                 0 │
├─────────────────────────┼───────────────────┼───────────────────┤
│            test-scripts │                 5 │                 0 │
├─────────────────────────┼───────────────────┼───────────────────┤
│      prerequest-scripts │                 1 │                 0 │
├─────────────────────────┼───────────────────┼───────────────────┤
│              assertions │                10 │                 0 │
├─────────────────────────┴───────────────────┴───────────────────┤
│ total run duration: 19.2s                                       │
├─────────────────────────────────────────────────────────────────┤
│ total data received: 562B (approx)                              │
├─────────────────────────────────────────────────────────────────┤
│ average response time: 3.8s [min: 19ms, max: 18.9s, s.d.: 7.5s] │
└─────────────────────────────────────────────────────────────────┘
release "do14-test-1790774168-2253" uninstalled
pod "do14-test-1790774168-2253-main-5df877c5d4-4b6xq" deleted from do14-helm namespace
pod "do14-test-1790774168-2253-postgres-0" deleted from do14-helm namespace
pod "do14-test-1790774168-2253-redis-0" deleted from do14-helm namespace
pod "do14-test-1790774168-2253-webhook-69dfff58cc-vp27r" deleted from do14-helm namespace
pod "do14-test-1790774168-2253-worker-97bc7c4d-2zbz5" deleted from do14-helm namespace
persistentvolumeclaim "data-do14-test-1790774168-2253-postgres-0" deleted from do14-helm namespace
persistentvolumeclaim "data-do14-test-1790774168-2253-redis-0" deleted from do14-helm namespace
secret "do14-test-1790774168-2253-secrets" deleted from do14-helm namespace
secret "do14-test-1790774168-2253-registry" deleted from do14-helm namespace
