Release "do14-test-1790771823-47297" does not exist. Installing it now.
NAME: do14-test-1790771823-47297
LAST DEPLOYED: Wed Sep 30 15:37:07 2026
NAMESPACE: do14-helm
STATUS: deployed
REVISION: 1
TEST SUITE: None
{"status":"ok"}{"status":"ok"}TAP version 13
# Subtest: diagnostics returns 0 for HTTP 200 and fails for HTTP 503
ok 1 - diagnostics returns 0 for HTTP 200 and fails for HTTP 503
  ---
  duration_ms: 344.003908
  type: 'test'
  ...
1..1
# tests 1
# suites 0
# pass 1
# fail 0
# cancelled 0
# skipped 0
# todo 0
# duration_ms 538.465612
Acquiring database migration lock...
Importing 1 workflows...
Successfully imported 1 workflow.
Acquiring database migration lock...
Publishing workflow with ID: DO14SmokeWorkflow (current version)
Note: Changes will not take effect if n8n is running.
Please restart n8n for changes to take effect if n8n is currently running.
deployment.apps/do14-test-1790771823-47297-main restarted
deployment.apps/do14-test-1790771823-47297-webhook restarted
deployment.apps/do14-test-1790771823-47297-worker restarted
Waiting for deployment "do14-test-1790771823-47297-main" rollout to finish: 0 out of 1 new replicas have been updated...
Waiting for deployment "do14-test-1790771823-47297-main" rollout to finish: 0 out of 1 new replicas have been updated...
Waiting for deployment "do14-test-1790771823-47297-main" rollout to finish: 0 out of 1 new replicas have been updated...
Waiting for deployment "do14-test-1790771823-47297-main" rollout to finish: 0 of 1 updated replicas are available...
deployment "do14-test-1790771823-47297-main" successfully rolled out
deployment "do14-test-1790771823-47297-webhook" successfully rolled out
deployment "do14-test-1790771823-47297-worker" successfully rolled out
newman

DO14 candidate checks

→ main healthz
  GET http://127.0.0.1:46723/healthz [200 OK, 226B, 184ms]
  ✓  HTTP 200
  ✓  ready

→ main healthz/readiness
  GET http://127.0.0.1:46723/healthz/readiness [200 OK, 226B, 14ms]
  ✓  HTTP 200
  ✓  ready

→ webhook healthz
  GET http://127.0.0.1:45531/healthz [200 OK, 226B, 77ms]
  ✓  HTTP 200
  ✓  ready

→ webhook healthz/readiness
  GET http://127.0.0.1:45531/healthz/readiness [200 OK, 226B, 44ms]
  ✓  HTTP 200
  ✓  ready

→ webhook executes Code node through queue
  POST http://127.0.0.1:45531/webhook/do14-smoke [200 OK, 1.01kB, 15.5s]
  ✓  HTTP 200
  ✓  Code node echoes this request
  1. deliberate failure for cleanup verification

┌─────────────────────────┬───────────────────┬───────────────────┐
│                         │          executed │            failed │
├─────────────────────────┼───────────────────┼───────────────────┤
│              iterations │                 1 │                 0 │
├─────────────────────────┼───────────────────┼───────────────────┤
│                requests │                 5 │                 0 │
├─────────────────────────┼───────────────────┼───────────────────┤
│            test-scripts │                 5 │                 0 │
├─────────────────────────┼───────────────────┼───────────────────┤
│      prerequest-scripts │                 1 │                 0 │
├─────────────────────────┼───────────────────┼───────────────────┤
│              assertions │                11 │                 1 │
├─────────────────────────┴───────────────────┴───────────────────┤
│ total run duration: 16.1s                                       │
├─────────────────────────────────────────────────────────────────┤
│ total data received: 562B (approx)                              │
├─────────────────────────────────────────────────────────────────┤
│ average response time: 3.1s [min: 14ms, max: 15.5s, s.d.: 6.1s] │
└─────────────────────────────────────────────────────────────────┘

[31m  # [39m[31m failure        [39m[31m detail                                            [39m
[90m    [39m[90m                [39m[90m                                                   [39m
 1.  AssertionError  deliberate failure for cleanup verification       
                     expected false to deeply equal true               
                     at assertion:2 in test-script                     
                     inside "webhook executes Code node through queue" 
release "do14-test-1790771823-47297" uninstalled
pod "do14-test-1790771823-47297-main-cf97f9c4d-7cdng" deleted from do14-helm namespace
pod "do14-test-1790771823-47297-postgres-0" deleted from do14-helm namespace
pod "do14-test-1790771823-47297-redis-0" deleted from do14-helm namespace
pod "do14-test-1790771823-47297-webhook-58cc567dd7-w9pbm" deleted from do14-helm namespace
pod "do14-test-1790771823-47297-worker-59dbd49b85-vkv5c" deleted from do14-helm namespace
persistentvolumeclaim "data-do14-test-1790771823-47297-postgres-0" deleted from do14-helm namespace
persistentvolumeclaim "data-do14-test-1790771823-47297-redis-0" deleted from do14-helm namespace
secret "do14-test-1790771823-47297-secrets" deleted from do14-helm namespace
secret "do14-test-1790771823-47297-registry" deleted from do14-helm namespace
Newman failure propagated; candidate pods/PVC/secrets removed; permanent staging data preserved
