TAP version 13
# Subtest: diagnostics returns 0 for HTTP 200 and fails for HTTP 503
ok 1 - diagnostics returns 0 for HTTP 200 and fails for HTTP 503
  ---
  duration_ms: 1781.858266
  type: 'test'
  ...
1..1
# tests 1
# suites 0
# pass 1
# fail 0
# cancelled 0
# skipped 0
# todo 0
# duration_ms 2481.194992
==> Linting chart
[INFO] Chart.yaml: icon is recommended

1 chart(s) linted, 0 chart(s) failed
==> Linting chart
[INFO] Chart.yaml: icon is recommended

1 chart(s) linted, 0 chart(s) failed
==> Linting chart
[INFO] Chart.yaml: icon is recommended

1 chart(s) linted, 0 chart(s) failed
Chart invariants: staging, production, candidate OK
Local checks passed
